// Jest Snapshot v1, https://goo.gl/fbAQLP

exports[`<Footer /> should render component 1`] = `
<DocumentFragment>
  <footer
    class="makeStyles-footer-1"
  >
    <h6
      class="MuiTypography-root MuiTypography-h6 MuiTypography-gutterBottom MuiTypography-alignCenter"
    >
      Footer
    </h6>
    <p
      class="MuiTypography-root MuiTypography-subtitle1 MuiTypography-colorTextSecondary MuiTypography-alignCenter"
    >
      Something here to give the footer a purpose!
    </p>
  </footer>
</DocumentFragment>
`;
